
> mantap-onboarding-merchant@0.0.0 test
> vitest src/pages/MerchantForm.test.jsx --run


[1m[46m RUN [49m[22m [36mv4.0.18 [39m[90mC:/Users/Satriani/Documents/mantap-onboarding-merchant[39m

[90mstdout[2m | src/pages/MerchantForm.test.jsx[2m > [22m[2mMerchantForm Orchestrator[2m > [22m[2mnavigates to next step when validation passes
[22m[39m[TEST-DEBUG] Clicking Next Button
handleNext called, currentStep: [33m1[39m
formData.keuangan: {}
Step data being validated: {}
[TEST-DEBUG] Mock validateStep called for step 1
Validation errors: {}
Validation passed, proceeding to next step
[TEST-DEBUG] Next Button Clicked

[90mstdout[2m | src/pages/MerchantForm.test.jsx[2m > [22m[2mMerchantForm Orchestrator[2m > [22m[2mstays on current step if validation fails
[22m[39mhandleNext called, currentStep: [33m1[39m
formData.keuangan: {}
Step data being validated: {}
Validation errors: { field: [32m'Error'[39m }
Validation failed, setting errors

[90mstdout[2m | src/pages/MerchantForm.test.jsx[2m > [22m[2mMerchantForm Orchestrator[2m > [22m[2mshows confirmation modal on final step
[22m[39mhandleNext called, currentStep: [33m7[39m
formData.keuangan: {}
Step data being validated: {}
Validation errors: {}
Validation passed, proceeding to next step

 [31mΓ¥»[39m src/pages/MerchantForm.test.jsx [2m([22m[2m5 tests[22m[2m | [22m[31m1 failed[39m[2m)[22m[33m 1063[2mms[22m[39m
     [32mΓ£ô[39m renders Step 1 initially[32m 18[2mms[22m[39m
[31m     [31m├ù[31m navigates to next step when validation passes[39m[33m 1020[2mms[22m[39m
     [32mΓ£ô[39m stays on current step if validation fails[32m 4[2mms[22m[39m
     [32mΓ£ô[39m navigates to previous step[32m 8[2mms[22m[39m
     [32mΓ£ô[39m shows confirmation modal on final step[32m 11[2mms[22m[39m
node.exe : 
At line:1 char:1
+ & "C:\Program Files
\nodejs/node.exe" 
"C:\Program 
Files\nodejs/node_mo 
...
+ ~~~~~~~~~~~~~~~~~~~
~~~~~~~~~~~~~~~~~~~~~
~~~~~~~~~~~~~~~~~~~~~
~~~~~~~~
    + CategoryInfo   
           : NotSpe  
  cified: (:String   
 ) [], RemoteExce    
ption
    + FullyQualified 
   ErrorId : Native  
  CommandError
 
[31mΓÄ»ΓÄ»ΓÄ»ΓÄ»ΓÄ»Γ
Ä»ΓÄ»[39m[1m[41m 
Failed Tests 1 [49m
[22m[31mΓÄ»ΓÄ»ΓÄ»ΓÄ»
ΓÄ»ΓÄ»ΓÄ»[39m

[41m[1m FAIL 
[22m[49m src/pages/
MerchantForm.test.jsx
[2m > 
[22mMerchantForm 
Orchestrator[2m > 
[22mnavigates to 
next step when 
validation passes
[31m[1mAssertionErr
or[22m: expected 
"vi.fn()" to be 
called with 
arguments: [ 
'merchantFormStep', 
'2' ][90m

Received: 

[1m  1st vi.fn() 
call:

[22m[2m  [[22m
[32m-   "merchantFor
mStep",[90m
[32m-   "2",[90m
[31m+   "merchantFor
mData",[90m
[31m+   "{\"keuangan
\":{},\"dataPemilik\"
:{},\"dataUsaha\":{},
\"profil\":{},\"dataT
ransaksi\":{},\"konfi
gurasi\":{},\"dokumen
\":{}}",[90m
[2m  ][22m

[1m  2nd vi.fn() 
call:

[22m[2m  [[22m
[2m    "merchantForm
Step",[22m
[32m-   "2",[90m
[31m+   2,[90m
[2m  ][22m
[31m[90m

Number of calls: 
[1m2[22m
[31m

Ignored nodes: 
comments, script, 
style
[36m<html>[31m
  [36m<head />[31m
  [36m<body>[31m
    [36m<div>[31m
      [36m<div[31m
        [33mclass[3
1m=[32m"min-h-screen
 bg-white p-6 
md:p-10 font-sans 
text-gray-800"[31m
      [36m>[31m
        
[36m<div[31m
          [33mclass
[31m=[32m"max-w-5xl 
mx-auto"[31m
        [36m>[31m
          
[36m<div[31m
            [33mdata
-testid[31m=[32m"he
ader"[31m
          
[36m/>[31m
          
[36m<div[31m
            [33mdata
-testid[31m=[32m"st
epper"[31m
          [36m>[31m
            [0mStep 
[0m
            [0m2[0m
          
[36m</div>[31m
          
[36m<div[31m
            [33mclas
s[31m=[32m"mb-8 
mt-8"[31m
          [36m>[31m
            
[36m<div[31m
              [33mda
ta-testid[31m=[32m"
mock-step"[31m
            
[36m>[31m
              
[36m<h1>[31m
                
[0mStep 2 Data 
Pemilik[0m
              
[36m</h1>[31m
              
[36m<button>[31m
                
[0mUpdate Data[0m
              
[36m</button>[31m
            
[36m</div>[31m
          
[36m</div>[31m
          
[36m<div[31m
            [33mclas
s[31m=[32m"flex 
justify-end 
gap-4"[31m
          [36m>[31m
            
[36m<button[31m
              [33mcl
ass[31m=[32m"px-6 
py-2 bg-white 
font-semibold 
rounded 
text-gray-600 border 
border-gray-300 
hover:bg-gray-50 tran
sition-colors"[31m
            
[36m>[31m
              
[0mSebelumnya[0m
            
[36m</button>[31m
            
[36m<button[31m
              [33mcl
ass[31m=[32m"px-6 
py-2 bg-[#1e3a8a] 
text-white 
font-semibold 
rounded 
hover:bg-blue-800 
transition-colors 
disabled:bg-gray-400 
disabled:cursor-not-a
llowed"[31m
            
[36m>[31m
              
[0mSimpan dan 
Lanjut[0m
            
[36m</button>[31m
          
[36m</div>[31m
        
[36m</div>[31m
      
[36m</div>[31m
    [36m</div>[31m
  [36m</body>[31m
[36m</html>[31m[39
m
[36m [2mΓ¥»[22m sr
c/pages/MerchantForm.
test.jsx:[2m77:44[2
2m[39m
    [90m 75| [39m  
      
[35mawait[39m 
[34mwaitFor[39m(() 
[33m=>[39m {
    [90m 76| [39m  
          expect(scre
en.getByText('Step 2 
Data Pemilik')).toBeI
nTheDΓÇª
    [90m 77| [39m  
          expect(sess
ionStorage.setItem).t
oHaveBeenCalledWith('
merchΓÇª
    [90m   | [39m  
                     
                    
[31m^[39m
    [90m 78| [39m  
      })[33m;[39m
    [90m 79| [39m  
  })[33m;[39m
[90m [2mΓ¥»[22m ru
nWithExpensiveErrorDi
agnosticsDisabled nod
e_modules/@testing-li
brary/dom/dist/config
.js:[2m47:12[22m[3
9m
[90m [2mΓ¥»[22m 
checkCallback node_mo
dules/@testing-librar
y/dom/dist/wait-for.j
s:[2m124:77[22m[39
m
[90m [2mΓ¥»[22m Ti
meout.checkRealTimers
Callback node_modules
/@testing-library/dom
/dist/wait-for.js:[2
m118:16[22m[39m

[31m[2mΓÄ»ΓÄ»ΓÄ»ΓÄ»
ΓÄ»ΓÄ»ΓÄ»ΓÄ»ΓÄ»ΓÄ»ΓÄ»
ΓÄ»ΓÄ»ΓÄ»ΓÄ»ΓÄ»ΓÄ»ΓÄ»
ΓÄ»ΓÄ»ΓÄ»ΓÄ»ΓÄ»ΓÄ»[1/
1]ΓÄ»[22m[39m


[2m Test Files [22m [1m[31m1 failed[39m[22m[90m (1)[39m
[2m      Tests [22m [1m[31m1 failed[39m[22m[2m | [22m[1m[32m4 passed[39m[22m[90m (5)[39m
[2m   Start at [22m 00:48:39
[2m   Duration [22m 1.84s[2m (transform 159ms, setup 85ms, import 248ms, tests 1.06s, environment 285ms)[22m

